<testsuite tests="12">
  <testcase classname="QrCodeFieldPicklist_Test" name="testDefaultValueWhenEntityInvalid" time="145" />
  <testcase classname="QrCodeFieldPicklist_Test" name="testDefaultValueWhenEntityIsContact" time="64" />
  <testcase classname="QrCodeFieldPicklist_Test" name="testGetDefaultValueInvalidObjectFallsBackToName" time="23" />
  <testcase classname="QrCodeFieldPicklist_Test" name="testGetDefaultValueNullEntityFallsBackToName" time="5" />
  <testcase classname="QrCodeFieldPicklist_Test" name="testGetDefaultValueUsesNameWhenPresent" time="45" />
  <testcase classname="QrCodeFieldPicklist_Test" name="testGetDefaultValueUsesSubjectWhenNoName" time="31" />
  <testcase classname="QrCodeFieldPicklist_Test" name="testGetEntityNameWithCtxNull" time="5" />
  <testcase classname="QrCodeFieldPicklist_Test" name="testGetValuesExcludesReferenceTypes" time="103" />
  <testcase classname="QrCodeFieldPicklist_Test" name="testGetValuesForInvalidObjectReturnsInvalidContextRow" time="23" />
  <testcase classname="QrCodeFieldPicklist_Test" name="testGetValuesForNullEntityReturnsInvalidContextRow" time="5" />
  <testcase classname="QrCodeFieldPicklist_Test" name="testGetValuesUseCanonicalCasing" time="42" />
  <testcase classname="QrCodeFieldPicklist_Test" name="testIsValidAlwaysTrue" time="5" />
</testsuite>